Archive member included because of file (symbol)

.\CortexM0p\ARM_GCC_493\Debug\AYBR3000.a(cyfitter_cfg.o)
                              .\CortexM0p\ARM_GCC_493\Debug\Cm0plusStart.o (cyfitter_cfg)
.\CortexM0p\ARM_GCC_493\Debug\AYBR3000.a(key_touch_Control.o)
                              .\CortexM0p\ARM_GCC_493\Debug\main.o (key_touch_Start)
.\CortexM0p\ARM_GCC_493\Debug\AYBR3000.a(key_touch_Processing.o)
                              .\CortexM0p\ARM_GCC_493\Debug\AYBR3000.a(key_touch_Control.o) (key_touch_DpInitialize)
.\CortexM0p\ARM_GCC_493\Debug\AYBR3000.a(key_touch_Structure.o)
                              .\CortexM0p\ARM_GCC_493\Debug\AYBR3000.a(key_touch_Control.o) (key_touch_DsInitialize)
.\CortexM0p\ARM_GCC_493\Debug\AYBR3000.a(key_touch_Tuner.o)
                              .\CortexM0p\ARM_GCC_493\Debug\AYBR3000.a(key_touch_Control.o) (key_touch_TuInitialize)
.\CortexM0p\ARM_GCC_493\Debug\AYBR3000.a(key_touch_Filter.o)
                              .\CortexM0p\ARM_GCC_493\Debug\AYBR3000.a(key_touch_Control.o) (key_touch_FtInitialize)
.\CortexM0p\ARM_GCC_493\Debug\AYBR3000.a(key_touch_Sensing.o)
                              .\CortexM0p\ARM_GCC_493\Debug\main.o (key_touch_IsBusy)
.\CortexM0p\ARM_GCC_493\Debug\AYBR3000.a(key_touch_SensingCSD_LL.o)
                              .\CortexM0p\ARM_GCC_493\Debug\AYBR3000.a(key_touch_Sensing.o) (key_touch_SsCSDInitialize)
.\CortexM0p\ARM_GCC_493\Debug\AYBR3000.a(Timer_1.o)
                              .\CortexM0p\ARM_GCC_493\Debug\main.o (Timer_1_ClearInterrupt)
.\CortexM0p\ARM_GCC_493\Debug\AYBR3000.a(SDIO.o)
                              .\CortexM0p\ARM_GCC_493\Debug\A7105_driver.o (SDIO_Write)
.\CortexM0p\ARM_GCC_493\Debug\AYBR3000.a(SCK.o)
                              .\CortexM0p\ARM_GCC_493\Debug\A7105_driver.o (SCK_Write)
.\CortexM0p\ARM_GCC_493\Debug\AYBR3000.a(GIO1.o)
                              .\CortexM0p\ARM_GCC_493\Debug\A7105_driver.o (GIO1_Read)
.\CortexM0p\ARM_GCC_493\Debug\AYBR3000.a(SCS.o)
                              .\CortexM0p\ARM_GCC_493\Debug\A7105_driver.o (SCS_Write)
.\CortexM0p\ARM_GCC_493\Debug\AYBR3000.a(key_touch_ISR.o)
                              .\CortexM0p\ARM_GCC_493\Debug\AYBR3000.a(key_touch_Sensing.o) (key_touch_ISR_StartEx)
.\CortexM0p\ARM_GCC_493\Debug\AYBR3000.a(CyLib.o)
                              .\CortexM0p\ARM_GCC_493\Debug\AYBR3000.a(key_touch_SensingCSD_LL.o) (CyIntEnable)
.\CortexM0p\ARM_GCC_493\Debug\AYBR3000.a(cyPm.o)
                              .\CortexM0p\ARM_GCC_493\Debug\AYBR3000.a(key_touch_Control.o) (CySysPmSleep)
.\CortexM0p\ARM_GCC_493\Debug\AYBR3000.a(CyLFClk.o)
                              .\CortexM0p\ARM_GCC_493\Debug\AYBR3000.a(CyLib.o) (CySysClkWcoEnabled)
.\CortexM0p\ARM_GCC_493\Debug\AYBR3000.a(CyBootAsmGnu.o)
                              .\CortexM0p\ARM_GCC_493\Debug\AYBR3000.a(key_touch_SensingCSD_LL.o) (CyDelayCycles)
.\CortexM0p\ARM_GCC_493\Debug\AYBR3000.a(key_touch_INT.o)
                              .\CortexM0p\ARM_GCC_493\Debug\AYBR3000.a(key_touch_SensingCSD_LL.o) (key_touch_CSDPostSingleScan)
.\CortexM0p\ARM_GCC_493\Debug\AYBR3000.a(CyFlash.o)
                              .\CortexM0p\ARM_GCC_493\Debug\AYBR3000.a(CyLib.o) (CySysFlashSetWaitCycles)
d:/program files (x86)/cypress/psoc creator/4.0/psoc creator/import/gnu/arm/4.9.3/bin/../lib/gcc/arm-none-eabi/4.9.3/armv6-m\libgcc.a(_udivsi3.o)
                              .\CortexM0p\ARM_GCC_493\Debug\AYBR3000.a(key_touch_Sensing.o) (__aeabi_uidiv)
d:/program files (x86)/cypress/psoc creator/4.0/psoc creator/import/gnu/arm/4.9.3/bin/../lib/gcc/arm-none-eabi/4.9.3/armv6-m\libgcc.a(_dvmd_tls.o)
                              d:/program files (x86)/cypress/psoc creator/4.0/psoc creator/import/gnu/arm/4.9.3/bin/../lib/gcc/arm-none-eabi/4.9.3/armv6-m\libgcc.a(_udivsi3.o) (__aeabi_idiv0)
d:/program files (x86)/cypress/psoc creator/4.0/psoc creator/import/gnu/arm/4.9.3/bin/../lib/gcc/arm-none-eabi/4.9.3/../../../../arm-none-eabi/lib/armv6-m\libg_nano.a(lib_a-errno.o)
                              .\CortexM0p\ARM_GCC_493\Debug\Cm0plusStart.o (__errno)
d:/program files (x86)/cypress/psoc creator/4.0/psoc creator/import/gnu/arm/4.9.3/bin/../lib/gcc/arm-none-eabi/4.9.3/../../../../arm-none-eabi/lib/armv6-m\libg_nano.a(lib_a-exit.o)
                              d:/program files (x86)/cypress/psoc creator/4.0/psoc creator/import/gnu/arm/4.9.3/bin/../lib/gcc/arm-none-eabi/4.9.3/../../../../arm-none-eabi/lib/armv6-m/crt0.o (exit)
d:/program files (x86)/cypress/psoc creator/4.0/psoc creator/import/gnu/arm/4.9.3/bin/../lib/gcc/arm-none-eabi/4.9.3/../../../../arm-none-eabi/lib/armv6-m\libg_nano.a(lib_a-impure.o)
                              d:/program files (x86)/cypress/psoc creator/4.0/psoc creator/import/gnu/arm/4.9.3/bin/../lib/gcc/arm-none-eabi/4.9.3/../../../../arm-none-eabi/lib/armv6-m\libg_nano.a(lib_a-exit.o) (_global_impure_ptr)
[...]
Memory Configuration

Name             Origin             Length             Attributes
rom              0x00000000         0x00004000         xr
ram              0x20000000         0x00000800         xrw
*default*        0x00000000         0xffffffff

Linker script and memory map

LOAD d:/program files (x86)/cypress/psoc creator/4.0/psoc creator/import/gnu/arm/4.9.3/bin/../lib/gcc/arm-none-eabi/4.9.3/armv6-m/crti.o
LOAD d:/program files (x86)/cypress/psoc creator/4.0/psoc creator/import/gnu/arm/4.9.3/bin/../lib/gcc/arm-none-eabi/4.9.3/armv6-m/crtbegin.o
LOAD d:/program files (x86)/cypress/psoc creator/4.0/psoc creator/import/gnu/arm/4.9.3/bin/../lib/gcc/arm-none-eabi/4.9.3/../../../../arm-none-eabi/lib/armv6-m/crt0.o
START GROUP
LOAD .\CortexM0p\ARM_GCC_493\Debug\main.o
LOAD .\CortexM0p\ARM_GCC_493\Debug\A7105_driver.o
LOAD .\CortexM0p\ARM_GCC_493\Debug\A7105_firmware_lib.o
LOAD .\CortexM0p\ARM_GCC_493\Debug\cymetadata.o
LOAD .\CortexM0p\ARM_GCC_493\Debug\Cm0plusStart.o
LOAD .\CortexM0p\ARM_GCC_493\Debug\AYBR3000.a
LOAD D:\Program Files (x86)\Cypress\PSoC Creator\4.0\PSoC Creator\psoc\content\cycomponentlibrary\CyComponentLibrary.cylib\CapSense_P4_v3_10\PSoC4\Library\Capsense_P4Library_GCCp.a
END GROUP
START GROUP
LOAD d:/program files (x86)/cypress/psoc creator/4.0/psoc creator/import/gnu/arm/4.9.3/bin/../lib/gcc/arm-none-eabi/4.9.3/armv6-m\libgcc.a
LOAD d:/program files (x86)/cypress/psoc creator/4.0/psoc creator/import/gnu/arm/4.9.3/bin/../lib/gcc/arm-none-eabi/4.9.3/../../../../arm-none-eabi/lib/armv6-m\libg_nano.a
LOAD d:/program files (x86)/cypress/psoc creator/4.0/psoc creator/import/gnu/arm/4.9.3/bin/../lib/gcc/arm-none-eabi/4.9.3/../../../../arm-none-eabi/lib/armv6-m\libc_nano.a
END GROUP
START GROUP
LOAD d:/program files (x86)/cypress/psoc creator/4.0/psoc creator/import/gnu/arm/4.9.3/bin/../lib/gcc/arm-none-eabi/4.9.3/armv6-m\libgcc.a
LOAD d:/program files (x86)/cypress/psoc creator/4.0/psoc creator/import/gnu/arm/4.9.3/bin/../lib/gcc/arm-none-eabi/4.9.3/../../../../arm-none-eabi/lib/armv6-m\libc_nano.a
END GROUP
LOAD d:/program files (x86)/cypress/psoc creator/4.0/psoc creator/import/gnu/arm/4.9.3/bin/../lib/gcc/arm-none-eabi/4.9.3/armv6-m/crtend.o
LOAD d:/program files (x86)/cypress/psoc creator/4.0/psoc creator/import/gnu/arm/4.9.3/bin/../lib/gcc/arm-none-eabi/4.9.3/armv6-m/crtn.o
START GROUP
LOAD d:/program files (x86)/cypress/psoc creator/4.0/psoc creator/import/gnu/arm/4.9.3/bin/../lib/gcc/arm-none-eabi/4.9.3/armv6-m\libgcc.a
LOAD d:/program files (x86)/cypress/psoc creator/4.0/psoc creator/import/gnu/arm/4.9.3/bin/../lib/gcc/arm-none-eabi/4.9.3/../../../../arm-none-eabi/lib/armv6-m\libc.a
LOAD d:/program files (x86)/cypress/psoc creator/4.0/psoc creator/import/gnu/arm/4.9.3/bin/../lib/gcc/arm-none-eabi/4.9.3/../../../../arm-none-eabi/lib/armv6-m\libnosys.a
END GROUP
                0x00000000                CY_APPL_ORIGIN = 0x0
                0x00000080                CY_FLASH_ROW_SIZE = 0x80
                0x00000001                CY_APPL_NUM = 0x1
                0x00000001                CY_APPL_MAX = 0x1
                0x00000040                CY_METADATA_SIZE = 0x40
                0x00000000                CY_APPL_LOADABLE = 0x0
                0x00000000                CY_CHECKSUM_EXCLUDE_SIZE = ALIGN (0x0, CY_FLASH_ROW_SIZE)
                0x00000000                CY_APP_FOR_STACK_AND_COPIER = 0x0
                0x200002a0                PROVIDE (__cy_heap_start, _end)
                0x00000001                PROVIDE (__cy_region_num, ((__cy_regions_end - __cy_regions) / 0x10))
                0x20000800                PROVIDE (__cy_stack, (ORIGIN (ram) + 0x800))
                0x20000600                PROVIDE (__cy_heap_end, (__cy_stack - 0x200))

.cybootloader   0x00000000        0x0
 *(.cybootloader)
                0x00000000                appl1_start = CY_APPL_ORIGIN?CY_APPL_ORIGIN:ALIGN (CY_FLASH_ROW_SIZE)
                0x00001f80                appl2_start = (appl1_start + ALIGN ((((0x4000 - appl1_start) - (0x2 * CY_FLASH_ROW_SIZE)) / 0x2), CY_FLASH_ROW_SIZE))
                0x00000000                appl_start = (CY_APPL_NUM == 0x1)?appl1_start:appl2_start
                0x00000001                cy_project_type_bootloader = (appl_start == 0x0)?0x1:0x0
                0x00000000                cy_project_type_app_for_stack_and_copier = (CY_APP_FOR_STACK_AND_COPIER == 0x1)?0x1:0x0

.text           0x00000000     0x1c46
 CREATE_OBJECT_SYMBOLS
                0x00000000                PROVIDE (__cy_interrupt_vector, RomVectors)
 *(.romvectors)
 .romvectors    0x00000000       0x10 .\CortexM0p\ARM_GCC_493\Debug\Cm0plusStart.o
                0x00000000                RomVectors
                0x00000001                ASSERT ((. != __cy_interrupt_vector), No interrupt vector)
                0x00000001                ASSERT (CY_APPL_ORIGIN?(SIZEOF (.cybootloader) <= CY_APPL_ORIGIN):0x1, Wrong image location)
                0x00000010                PROVIDE (__cy_reset, Reset)
 *(.text.Reset)
 .text.Reset    0x00000010        0xc .\CortexM0p\ARM_GCC_493\Debug\Cm0plusStart.o
                0x00000010                Reset
                0x00000001                ASSERT ((. != __cy_reset), No reset code)
 *(.psocinit)
 .psocinit      0x0000001c      0x120 .\CortexM0p\ARM_GCC_493\Debug\AYBR3000.a(cyfitter_cfg.o)
                0x0000009c                cyfitter_cfg
                0x0000013c                . = MAX (., 0x100)
 *(.text .text.* .gnu.linkonce.t.*)
 .text          0x0000013c       0x60 d:/program files (x86)/cypress/psoc creator/4.0/psoc creator/import/gnu/arm/4.9.3/bin/../lib/gcc/arm-none-eabi/4.9.3/armv6-m/crtbegin.o
 .text.main     0x0000019c      0x100 .\CortexM0p\ARM_GCC_493\Debug\main.o
                0x0000019c                main
 .text.A7105_init
                0x0000029c       0x60 .\CortexM0p\ARM_GCC_493\Debug\A7105_driver.o
                0x0000029c                A7105_init
 .text.ByteSend
                0x000002fc       0x3c .\CortexM0p\ARM_GCC_493\Debug\A7105_firmware_lib.o
 .text.ByteRead
                0x00000338       0x48 .\CortexM0p\ARM_GCC_493\Debug\A7105_firmware_lib.o
 .text.A7105_WriteReg
                0x00000380       0x24 .\CortexM0p\ARM_GCC_493\Debug\A7105_firmware_lib.o
                0x00000380                A7105_WriteReg
 .text.A7105_ReadReg
                0x000003a4       0x24 .\CortexM0p\ARM_GCC_493\Debug\A7105_firmware_lib.o
                0x000003a4                A7105_ReadReg
 .text.StrobeCmd
                0x000003c8       0x18 .\CortexM0p\ARM_GCC_493\Debug\A7105_firmware_lib.o
                0x000003c8                StrobeCmd
 .text.A7105_WriteID
                0x000003e0       0x30 .\CortexM0p\ARM_GCC_493\Debug\A7105_firmware_lib.o
                0x000003e0                A7105_WriteID
 .text.A7105_Reset
                0x00000410        0xc .\CortexM0p\ARM_GCC_493\Debug\A7105_firmware_lib.o
                0x00000410                A7105_Reset
 .text.A7105_Config
                0x0000041c       0x50 .\CortexM0p\ARM_GCC_493\Debug\A7105_firmware_lib.o
                0x0000041c                A7105_Config
 .text.A7105_Calibration
                0x0000046c       0xcc .\CortexM0p\ARM_GCC_493\Debug\A7105_firmware_lib.o
                0x0000046c                A7105_Calibration
 .text.IntDefaultHandler
                0x00000538       0x10 .\CortexM0p\ARM_GCC_493\Debug\Cm0plusStart.o
                0x00000538                IntDefaultHandler
 .text.Start_c  0x00000548       0x48 .\CortexM0p\ARM_GCC_493\Debug\Cm0plusStart.o
                0x00000548                Start_c
 .text.initialize_psoc
                0x00000590       0x48 .\CortexM0p\ARM_GCC_493\Debug\Cm0plusStart.o
                0x00000590                initialize_psoc
 .text.SetAnalogRoutingPumps
                0x000005d8       0x38 .\CortexM0p\ARM_GCC_493\Debug\AYBR3000.a(cyfitter_cfg.o)
                0x000005d8                SetAnalogRoutingPumps
 .text.AnalogSetDefault
                0x00000610       0x14 .\CortexM0p\ARM_GCC_493\Debug\AYBR3000.a(cyfitter_cfg.o)
 .text.key_touch_Initialize
                0x00000624       0x28 .\CortexM0p\ARM_GCC_493\Debug\AYBR3000.a(key_touch_Control.o)
                0x00000624                key_touch_Initialize
 .text.key_touch_Start
                0x0000064c       0x50 .\CortexM0p\ARM_GCC_493\Debug\AYBR3000.a(key_touch_Control.o)
                0x0000064c                key_touch_Start
 .text.key_touch_ProcessAllWidgets
                0x0000069c       0x48 .\CortexM0p\ARM_GCC_493\Debug\AYBR3000.a(key_touch_Control.o)
                0x0000069c                key_touch_ProcessAllWidgets
 .text.key_touch_DpInitialize
                0x000006e4       0x5c .\CortexM0p\ARM_GCC_493\Debug\AYBR3000.a(key_touch_Processing.o)
                0x000006e4                key_touch_DpInitialize
 .text.key_touch_DpUpdateDifferences
                0x00000740       0x14 .\CortexM0p\ARM_GCC_493\Debug\AYBR3000.a(key_touch_Processing.o)
                0x00000740                key_touch_DpUpdateDifferences
 .text.key_touch_DpProcessCsdWidgetRawCounts
                0x00000754       0x3c .\CortexM0p\ARM_GCC_493\Debug\AYBR3000.a(key_touch_Processing.o)
                0x00000754                key_touch_DpProcessCsdWidgetRawCounts
 .text.key_touch_DpProcessButton
                0x00000790       0x64 .\CortexM0p\ARM_GCC_493\Debug\AYBR3000.a(key_touch_Processing.o)
                0x00000790                key_touch_DpProcessButton
 .text.key_touch_DpProcessCsdWidgetStatus
                0x000007f4       0x58 .\CortexM0p\ARM_GCC_493\Debug\AYBR3000.a(key_touch_Processing.o)
                0x000007f4                key_touch_DpProcessCsdWidgetStatus
 .text.key_touch_DsInitialize
                0x0000084c       0x78 .\CortexM0p\ARM_GCC_493\Debug\AYBR3000.a(key_touch_Structure.o)
                0x0000084c                key_touch_DsInitialize
 .text.key_touch_IsWidgetActive
                0x000008c4       0x24 .\CortexM0p\ARM_GCC_493\Debug\AYBR3000.a(key_touch_Structure.o)
                0x000008c4                key_touch_IsWidgetActive
 .text.key_touch_TuInitialize
                0x000008e8       0x14 .\CortexM0p\ARM_GCC_493\Debug\AYBR3000.a(key_touch_Tuner.o)
                0x000008e8                key_touch_TuInitialize
 .text.key_touch_FtInitialize
                0x000008fc       0x28 .\CortexM0p\ARM_GCC_493\Debug\AYBR3000.a(key_touch_Filter.o)
                0x000008fc                key_touch_FtInitialize
 .text.key_touch_FtInitializeBaselineChannel
                0x00000924       0x1c .\CortexM0p\ARM_GCC_493\Debug\AYBR3000.a(key_touch_Filter.o)
                0x00000924                key_touch_FtInitializeBaselineChannel
 .text.key_touch_InitializeSensorBaseline
                0x00000940       0x3c .\CortexM0p\ARM_GCC_493\Debug\AYBR3000.a(key_touch_Filter.o)
                0x00000940                key_touch_InitializeSensorBaseline
 .text.key_touch_InitializeWidgetBaseline
                0x0000097c       0x28 .\CortexM0p\ARM_GCC_493\Debug\AYBR3000.a(key_touch_Filter.o)
                0x0000097c                key_touch_InitializeWidgetBaseline
 .text.key_touch_InitializeAllBaselines
                0x000009a4       0x18 .\CortexM0p\ARM_GCC_493\Debug\AYBR3000.a(key_touch_Filter.o)
                0x000009a4                key_touch_InitializeAllBaselines
 .text.key_touch_FtIIR1stOrder
                0x000009bc       0x14 .\CortexM0p\ARM_GCC_493\Debug\AYBR3000.a(key_touch_Filter.o)
                0x000009bc                key_touch_FtIIR1stOrder
 .text.key_touch_FtUpdateBaseline
                0x000009d0       0x94 .\CortexM0p\ARM_GCC_493\Debug\AYBR3000.a(key_touch_Filter.o)
                0x000009d0                key_touch_FtUpdateBaseline
 .text.key_touch_IsBusy
                0x00000a64       0x10 .\CortexM0p\ARM_GCC_493\Debug\AYBR3000.a(key_touch_Sensing.o)
                0x00000a64                key_touch_IsBusy
 .text.key_touch_SetupWidget
                0x00000a74       0x44 .\CortexM0p\ARM_GCC_493\Debug\AYBR3000.a(key_touch_Sensing.o)
                0x00000a74                key_touch_SetupWidget
 .text.key_touch_Scan
                0x00000ab8       0x1c .\CortexM0p\ARM_GCC_493\Debug\AYBR3000.a(key_touch_Sensing.o)
                0x00000ab8                key_touch_Scan
 .text.key_touch_ScanAllWidgets
                0x00000ad4       0x48 .\CortexM0p\ARM_GCC_493\Debug\AYBR3000.a(key_touch_Sensing.o)
                0x00000ad4                key_touch_ScanAllWidgets
 .text.key_touch_SsPostAllWidgetsScan
                0x00000b1c       0x68 .\CortexM0p\ARM_GCC_493\Debug\AYBR3000.a(key_touch_Sensing.o)
                0x00000b1c                key_touch_SsPostAllWidgetsScan
 .text.key_touch_SsSetModClkClockDivider
                0x00000b84       0x30 .\CortexM0p\ARM_GCC_493\Debug\AYBR3000.a(key_touch_Sensing.o)
                0x00000b84                key_touch_SsSetModClkClockDivider
 .text.key_touch_CalibrateWidget
                0x00000bb4       0x1c .\CortexM0p\ARM_GCC_493\Debug\AYBR3000.a(key_touch_Sensing.o)
                0x00000bb4                key_touch_CalibrateWidget
 .text.key_touch_CalibrateAllWidgets
                0x00000bd0       0x1c .\CortexM0p\ARM_GCC_493\Debug\AYBR3000.a(key_touch_Sensing.o)
                0x00000bd0                key_touch_CalibrateAllWidgets
 .text.key_touch_SsClearCSDSensors
                0x00000bec       0x40 .\CortexM0p\ARM_GCC_493\Debug\AYBR3000.a(key_touch_Sensing.o)
                0x00000bec                key_touch_SsClearCSDSensors
 .text.key_touch_SsCSDGetColSnsClkDivider
                0x00000c2c        0xc .\CortexM0p\ARM_GCC_493\Debug\AYBR3000.a(key_touch_Sensing.o)
                0x00000c2c                key_touch_SsCSDGetColSnsClkDivider
 .text.key_touch_SsCSDCalcPrsSize
                0x00000c38       0x28 .\CortexM0p\ARM_GCC_493\Debug\AYBR3000.a(key_touch_Sensing.o)
                0x00000c38                key_touch_SsCSDCalcPrsSize
 .text.key_touch_SsSetWidgetSenseClkSrc
                0x00000c60       0xd8 .\CortexM0p\ARM_GCC_493\Debug\AYBR3000.a(key_touch_Sensing.o)
 .text.key_touch_SsInitializeSourceSenseClk
                0x00000d38       0x24 .\CortexM0p\ARM_GCC_493\Debug\AYBR3000.a(key_touch_Sensing.o)
                0x00000d38                key_touch_SsInitializeSourceSenseClk
 .text.key_touch_SsInitialize
                0x00000d5c       0x10 .\CortexM0p\ARM_GCC_493\Debug\AYBR3000.a(key_touch_Sensing.o)
                0x00000d5c                key_touch_SsInitialize
 .text.key_touch_SsCSDSetFilterDelay
                0x00000d6c       0x14 .\CortexM0p\ARM_GCC_493\Debug\AYBR3000.a(key_touch_SensingCSD_LL.o)
 .text.key_touch_SsCSDConfigIDACs
                0x00000d80       0x1c .\CortexM0p\ARM_GCC_493\Debug\AYBR3000.a(key_touch_SensingCSD_LL.o)
 .text.key_touch_SsCSDRestoreIdacMode
                0x00000d9c       0x30 .\CortexM0p\ARM_GCC_493\Debug\AYBR3000.a(key_touch_SensingCSD_LL.o)
 .text.key_touch_SsCSDCalibrateCheck
                0x00000dcc       0x44 .\CortexM0p\ARM_GCC_493\Debug\AYBR3000.a(key_touch_SensingCSD_LL.o)
 .text.key_touch_SsCSDSetModeSnsClockDivider
                0x00000e10       0x10 .\CortexM0p\ARM_GCC_493\Debug\AYBR3000.a(key_touch_SensingCSD_LL.o)
                0x00000e10                key_touch_SsCSDSetModeSnsClockDivider
 .text.key_touch_SsCSDInitialize
                0x00000e20      0x120 .\CortexM0p\ARM_GCC_493\Debug\AYBR3000.a(key_touch_SensingCSD_LL.o)
                0x00000e20                key_touch_SsCSDInitialize
 .text.key_touch_SsCSDSetUpIdacs
                0x00000f40       0x44 .\CortexM0p\ARM_GCC_493\Debug\AYBR3000.a(key_touch_SensingCSD_LL.o)
                0x00000f40                key_touch_SsCSDSetUpIdacs
 .text.key_touch_SsCSDGetNumberOfConversions
                0x00000f84       0x34 .\CortexM0p\ARM_GCC_493\Debug\AYBR3000.a(key_touch_SensingCSD_LL.o)
                0x00000f84                key_touch_SsCSDGetNumberOfConversions
 .text.key_touch_SsCSDConfigClock
                0x00000fb8       0x40 .\CortexM0p\ARM_GCC_493\Debug\AYBR3000.a(key_touch_SensingCSD_LL.o)
                0x00000fb8                key_touch_SsCSDConfigClock
 .text.key_touch_SsCSDCalculateScanDuration
                0x00000ff8       0x24 .\CortexM0p\ARM_GCC_493\Debug\AYBR3000.a(key_touch_SensingCSD_LL.o)
                0x00000ff8                key_touch_SsCSDCalculateScanDuration
 .text.key_touch_SsCSDStartSample
                0x0000101c      0x10c .\CortexM0p\ARM_GCC_493\Debug\AYBR3000.a(key_touch_SensingCSD_LL.o)
                0x0000101c                key_touch_SsCSDStartSample
 .text.key_touch_CSDScanExt
                0x00001128       0x1c .\CortexM0p\ARM_GCC_493\Debug\AYBR3000.a(key_touch_SensingCSD_LL.o)
                0x00001128                key_touch_CSDScanExt
 .text.key_touch_CSDConnectSns
                0x00001144       0x34 .\CortexM0p\ARM_GCC_493\Debug\AYBR3000.a(key_touch_SensingCSD_LL.o)
                0x00001144                key_touch_CSDConnectSns
 .text.key_touch_CSDScan
                0x00001178       0x78 .\CortexM0p\ARM_GCC_493\Debug\AYBR3000.a(key_touch_SensingCSD_LL.o)
                0x00001178                key_touch_CSDScan
 .text.key_touch_SsCSDConnectSensorExt
                0x000011f0       0x28 .\CortexM0p\ARM_GCC_493\Debug\AYBR3000.a(key_touch_SensingCSD_LL.o)
                0x000011f0                key_touch_SsCSDConnectSensorExt
 .text.key_touch_CSDDisconnectSns
                0x00001218       0x40 .\CortexM0p\ARM_GCC_493\Debug\AYBR3000.a(key_touch_SensingCSD_LL.o)
                0x00001218                key_touch_CSDDisconnectSns
 .text.key_touch_SsCSDElectrodeCheck
                0x00001258       0x24 .\CortexM0p\ARM_GCC_493\Debug\AYBR3000.a(key_touch_SensingCSD_LL.o)
                0x00001258                key_touch_SsCSDElectrodeCheck
 .text.key_touch_CSDSetupWidget
                0x0000127c       0x58 .\CortexM0p\ARM_GCC_493\Debug\AYBR3000.a(key_touch_SensingCSD_LL.o)
                0x0000127c                key_touch_CSDSetupWidget
 .text.key_touch_CSDSetupWidgetExt
                0x000012d4       0x6c .\CortexM0p\ARM_GCC_493\Debug\AYBR3000.a(key_touch_SensingCSD_LL.o)
                0x000012d4                key_touch_CSDSetupWidgetExt
 .text.key_touch_SsCSDSetSingleIdacMode
                0x00001340       0x2c .\CortexM0p\ARM_GCC_493\Debug\AYBR3000.a(key_touch_SensingCSD_LL.o)
                0x00001340                key_touch_SsCSDSetSingleIdacMode
 .text.key_touch_SsCSDCalibrateOneSensor
                0x0000136c       0xe8 .\CortexM0p\ARM_GCC_493\Debug\AYBR3000.a(key_touch_SensingCSD_LL.o)
 .text.key_touch_CSDCalibrateWidget
                0x00001454      0x108 .\CortexM0p\ARM_GCC_493\Debug\AYBR3000.a(key_touch_SensingCSD_LL.o)
                0x00001454                key_touch_CSDCalibrateWidget
 .text.SDIO_Write
                0x0000155c       0x18 .\CortexM0p\ARM_GCC_493\Debug\AYBR3000.a(SDIO.o)
                0x0000155c                SDIO_Write
 .text.SDIO_Read
                0x00001574       0x10 .\CortexM0p\ARM_GCC_493\Debug\AYBR3000.a(SDIO.o)
                0x00001574                SDIO_Read
 .text.SCK_Write
                0x00001584       0x18 .\CortexM0p\ARM_GCC_493\Debug\AYBR3000.a(SCK.o)
                0x00001584                SCK_Write
 .text.SCS_Write
                0x0000159c       0x18 .\CortexM0p\ARM_GCC_493\Debug\AYBR3000.a(SCS.o)
                0x0000159c                SCS_Write
 .text.key_touch_ISR_SetVector
                0x000015b4        0xc .\CortexM0p\ARM_GCC_493\Debug\AYBR3000.a(key_touch_ISR.o)
                0x000015b4                key_touch_ISR_SetVector
 .text.key_touch_ISR_SetPriority
                0x000015c0       0x24 .\CortexM0p\ARM_GCC_493\Debug\AYBR3000.a(key_touch_ISR.o)
                0x000015c0                key_touch_ISR_SetPriority
 .text.key_touch_ISR_Enable
                0x000015e4       0x10 .\CortexM0p\ARM_GCC_493\Debug\AYBR3000.a(key_touch_ISR.o)
                0x000015e4                key_touch_ISR_Enable
 .text.key_touch_ISR_Disable
                0x000015f4       0x10 .\CortexM0p\ARM_GCC_493\Debug\AYBR3000.a(key_touch_ISR.o)
                0x000015f4                key_touch_ISR_Disable
 .text.key_touch_ISR_StartEx
                0x00001604       0x1c .\CortexM0p\ARM_GCC_493\Debug\AYBR3000.a(key_touch_ISR.o)
                0x00001604                key_touch_ISR_StartEx
 .text.CySysClkImoDisableWcoLock
                0x00001620       0x14 .\CortexM0p\ARM_GCC_493\Debug\AYBR3000.a(CyLib.o)
                0x00001620                CySysClkImoDisableWcoLock
 .text.CySysClkImoGetWcoLock
                0x00001634       0x14 .\CortexM0p\ARM_GCC_493\Debug\AYBR3000.a(CyLib.o)
                0x00001634                CySysClkImoGetWcoLock
 .text.CyIntEnable
                0x00001648       0x14 .\CortexM0p\ARM_GCC_493\Debug\AYBR3000.a(CyLib.o)
                0x00001648                CyIntEnable
 .text.CyIntDisable
                0x0000165c       0x14 .\CortexM0p\ARM_GCC_493\Debug\AYBR3000.a(CyLib.o)
                0x0000165c                CyIntDisable
 .text.CyIntClearPending
                0x00001670       0x14 .\CortexM0p\ARM_GCC_493\Debug\AYBR3000.a(CyLib.o)
                0x00001670                CyIntClearPending
 .text.CyHalt   0x00001684        0x4 .\CortexM0p\ARM_GCC_493\Debug\AYBR3000.a(CyLib.o)
                0x00001684                CyHalt
 .text.CyDelay  0x00001688       0x30 .\CortexM0p\ARM_GCC_493\Debug\AYBR3000.a(CyLib.o)
                0x00001688                CyDelay
 .text.CySysClkImoEnableWcoLock
                0x000016b8       0xcc .\CortexM0p\ARM_GCC_493\Debug\AYBR3000.a(CyLib.o)
                0x000016b8                CySysClkImoEnableWcoLock
 .text.CySysClkWriteImoFreq
                0x00001784       0xd8 .\CortexM0p\ARM_GCC_493\Debug\AYBR3000.a(CyLib.o)
                0x00001784                CySysClkWriteImoFreq
 .text.CySysPmSleep
                0x0000185c       0x1c .\CortexM0p\ARM_GCC_493\Debug\AYBR3000.a(cyPm.o)
                0x0000185c                CySysPmSleep
 .text.CySysClkWcoEnabled
                0x00001878       0x14 .\CortexM0p\ARM_GCC_493\Debug\AYBR3000.a(CyLFClk.o)
                0x00001878                CySysClkWcoEnabled
 .text.CySysWdtDisable
                0x0000188c       0x10 .\CortexM0p\ARM_GCC_493\Debug\AYBR3000.a(CyLFClk.o)
                0x0000188c                CySysWdtDisable
 *fill*         0x0000189c        0x4 
 .text          0x000018a0       0x20 .\CortexM0p\ARM_GCC_493\Debug\AYBR3000.a(CyBootAsmGnu.o)
                0x000018a0                CyDelayCycles
                0x000018b2                CyEnterCriticalSection
                0x000018ba                CyExitCriticalSection
 .text.key_touch_CSDPostSingleScan
                0x000018c0       0x78 .\CortexM0p\ARM_GCC_493\Debug\AYBR3000.a(key_touch_INT.o)
                0x000018c0                key_touch_CSDPostSingleScan
 .text.key_touch_CSDPostMultiScan
                0x00001938      0x11c .\CortexM0p\ARM_GCC_493\Debug\AYBR3000.a(key_touch_INT.o)
                0x00001938                key_touch_CSDPostMultiScan
 .text.CySysFlashSetWaitCycles
                0x00001a54       0x54 .\CortexM0p\ARM_GCC_493\Debug\AYBR3000.a(CyFlash.o)
                0x00001a54                CySysFlashSetWaitCycles
 .text          0x00001aa8      0x120 d:/program files (x86)/cypress/psoc creator/4.0/psoc creator/import/gnu/arm/4.9.3/bin/../lib/gcc/arm-none-eabi/4.9.3/armv6-m\libgcc.a(_udivsi3.o)
                0x00001aa8                __aeabi_uidiv
                0x00001aa8                __udivsi3
                0x00001bb4                __aeabi_uidivmod
 .text          0x00001bc8        0x4 d:/program files (x86)/cypress/psoc creator/4.0/psoc creator/import/gnu/arm/4.9.3/bin/../lib/gcc/arm-none-eabi/4.9.3/armv6-m\libgcc.a(_dvmd_tls.o)
                0x00001bc8                __aeabi_idiv0
                0x00001bc8                __aeabi_ldiv0
 .text.__errno  0x00001bcc        0xc d:/program files (x86)/cypress/psoc creator/4.0/psoc creator/import/gnu/arm/4.9.3/bin/../lib/gcc/arm-none-eabi/4.9.3/../../../../arm-none-eabi/lib/armv6-m\libg_nano.a(lib_a-errno.o)
                0x00001bcc                __errno
 .text.__libc_init_array
                0x00001bd8       0x4c d:/program files (x86)/cypress/psoc creator/4.0/psoc creator/import/gnu/arm/4.9.3/bin/../lib/gcc/arm-none-eabi/4.9.3/../../../../arm-none-eabi/lib/armv6-m\libg_nano.a(lib_a-init.o)
                0x00001bd8                __libc_init_array
 .text.memcpy   0x00001c24       0x12 d:/program files (x86)/cypress/psoc creator/4.0/psoc creator/import/gnu/arm/4.9.3/bin/../lib/gcc/arm-none-eabi/4.9.3/../../../../arm-none-eabi/lib/armv6-m\libg_nano.a(lib_a-memcpy.o)
                0x00001c24                memcpy
 .text.memset   0x00001c36       0x10 d:/program files (x86)/cypress/psoc creator/4.0/psoc creator/import/gnu/arm/4.9.3/bin/../lib/gcc/arm-none-eabi/4.9.3/../../../../arm-none-eabi/lib/armv6-m\libg_nano.a(lib_a-memset.o)
                0x00001c36                memset
 *(.plt)
 *(.gnu.warning)
 *(.glue_7t)
 .glue_7t       0x00000000        0x0 linker stubs
 *(.glue_7)
 .glue_7        0x00000000        0x0 linker stubs
 *(.vfp11_veneer)
 .vfp11_veneer  0x00000000        0x0 linker stubs
 *(.bootloader)
 *(.ARM.extab* .gnu.linkonce.armextab.*)
 *(.gcc_except_table)

.v4_bx          0x00001c48        0x0
 .v4_bx         0x00000000        0x0 linker stubs

.iplt           0x00001c48        0x0
 .iplt          0x00000000        0x0 d:/program files (x86)/cypress/psoc creator/4.0/psoc creator/import/gnu/arm/4.9.3/bin/../lib/gcc/arm-none-eabi/4.9.3/armv6-m/crtbegin.o

.eh_frame_hdr
 *(.eh_frame_hdr)

.eh_frame       0x00001c48        0x4
 *(.eh_frame)
 .eh_frame      0x00001c48        0x0 d:/program files (x86)/cypress/psoc creator/4.0/psoc creator/import/gnu/arm/4.9.3/bin/../lib/gcc/arm-none-eabi/4.9.3/armv6-m/crtbegin.o
 .eh_frame      0x00001c48        0x4 d:/program files (x86)/cypress/psoc creator/4.0/psoc creator/import/gnu/arm/4.9.3/bin/../lib/gcc/arm-none-eabi/4.9.3/armv6-m/crtend.o
                0x00001c4c                PROVIDE (__exidx_start, .)

.ARM.exidx
 *(.ARM.exidx* .gnu.linkonce.armexidx.*)
                0x00001c4c                __exidx_end = .

.rodata         0x00001c4c      0x3cc
 *(.rodata .rodata.* .gnu.linkonce.r.*)
 .rodata        0x00001c4c       0x38 .\CortexM0p\ARM_GCC_493\Debug\A7105_firmware_lib.o
                0x00001c4c                ID_Tab
                0x00001c50                parameters_Config
 .rodata        0x00001c84      0x33c .\CortexM0p\ARM_GCC_493\Debug\AYBR3000.a(key_touch_Structure.o)
                0x00001c90                key_touch_dsFlash
                0x00001e70                key_touch_ioList
 .rodata        0x00001fc0        0x1 .\CortexM0p\ARM_GCC_493\Debug\AYBR3000.a(key_touch_Sensing.o)
                0x00001fc0                key_touch_scanFreqIndex
 *fill*         0x00001fc1        0x3 
 .rodata        0x00001fc4       0x18 .\CortexM0p\ARM_GCC_493\Debug\AYBR3000.a(CyLib.o)
                0x00001fc4                cyImoFreqMhz2DpllOffset
 .rodata.str1.1
                0x00001fdc        0x2 d:/program files (x86)/cypress/psoc creator/4.0/psoc creator/import/gnu/arm/4.9.3/bin/../lib/gcc/arm-none-eabi/4.9.3/../../../../arm-none-eabi/lib/armv6-m\libg_nano.a(lib_a-impure.o)
                0x00001fe0                . = ALIGN (0x4)
 *fill*         0x00001fde        0x2 
 *(.init)
 .init          0x00001fe0        0x4 d:/program files (x86)/cypress/psoc creator/4.0/psoc creator/import/gnu/arm/4.9.3/bin/../lib/gcc/arm-none-eabi/4.9.3/armv6-m/crti.o
                0x00001fe0                _init
 .init          0x00001fe4        0x8 d:/program files (x86)/cypress/psoc creator/4.0/psoc creator/import/gnu/arm/4.9.3/bin/../lib/gcc/arm-none-eabi/4.9.3/armv6-m/crtn.o
                0x00001fec                . = ALIGN (0x4)
                0x00001fec                __preinit_array_start = .
 *(.preinit_array)
                0x00001fec                __preinit_array_end = .
                0x00001fec                . = ALIGN (0x4)
                0x00001fec                __init_array_start = .
 *(SORT(.init_array.*))
 *(.init_array)
 .init_array    0x00001fec        0x4 d:/program files (x86)/cypress/psoc creator/4.0/psoc creator/import/gnu/arm/4.9.3/bin/../lib/gcc/arm-none-eabi/4.9.3/armv6-m/crtbegin.o
 .init_array    0x00001ff0        0x4 .\CortexM0p\ARM_GCC_493\Debug\Cm0plusStart.o
                0x00001ff4                __init_array_end = .
                0x00001ff4                . = ALIGN (0x4)
 *(.fini)
 .fini          0x00001ff4        0x4 d:/program files (x86)/cypress/psoc creator/4.0/psoc creator/import/gnu/arm/4.9.3/bin/../lib/gcc/arm-none-eabi/4.9.3/armv6-m/crti.o
                0x00001ff4                _fini
 .fini          0x00001ff8        0x8 d:/program files (x86)/cypress/psoc creator/4.0/psoc creator/import/gnu/arm/4.9.3/bin/../lib/gcc/arm-none-eabi/4.9.3/armv6-m/crtn.o
                0x00002000                . = ALIGN (0x4)
                0x00002000                __fini_array_start = .
 *(.fini_array)
 .fini_array    0x00002000        0x4 d:/program files (x86)/cypress/psoc creator/4.0/psoc creator/import/gnu/arm/4.9.3/bin/../lib/gcc/arm-none-eabi/4.9.3/armv6-m/crtbegin.o
 *(SORT(.fini_array.*))
                0x00002004                __fini_array_end = .
                0x00002004                . = ALIGN (0x4)
 *crtbegin.o(.ctors)
 *(EXCLUDE_FILE(*crtend.o) .ctors)
 *(SORT(.ctors.*))
 *crtend.o(.ctors)
                0x00002004                . = ALIGN (0x4)
 *crtbegin.o(.dtors)
 *(EXCLUDE_FILE(*crtend.o) .dtors)
 *(SORT(.dtors.*))
 *crtend.o(.dtors)
                0x00002004                . = ALIGN (0x4)
                0x00002004                __cy_regions = .
                0x00002004        0x4 LONG 0x2018 __cy_region_init_ram
                0x00002008        0x4 LONG 0x20000088 __cy_region_start_data
                0x0000200c        0x4 LONG 0x80 __cy_region_init_size_ram
                0x00002010        0x4 LONG 0x198 __cy_region_zero_size_ram
                0x00002014                __cy_regions_end = .
                0x00002018                . = ALIGN (0x8)
 *fill*         0x00002014        0x4 
                0x00002018                _etext = .

.cy_checksum_exclude
                0x00002018        0x0
 *(.cy_checksum_exclude)

.ramvectors     0x20000000       0x80
                0x20000000                __cy_region_start_ram = .
 *(.ramvectors)
 .ramvectors    0x20000000       0x80 .\CortexM0p\ARM_GCC_493\Debug\Cm0plusStart.o
                0x20000000                CyRamVectors

.noinit         0x20000080        0x4
 *(.noinit)
 .noinit        0x20000080        0x4 .\CortexM0p\ARM_GCC_493\Debug\Cm0plusStart.o

.data           0x20000088       0x80 load address 0x00002018
                0x20000088                __cy_region_start_data = .
 *(.jcr)
 .jcr           0x20000088        0x0 d:/program files (x86)/cypress/psoc creator/4.0/psoc creator/import/gnu/arm/4.9.3/bin/../lib/gcc/arm-none-eabi/4.9.3/armv6-m/crtbegin.o
 .jcr           0x20000088        0x4 d:/program files (x86)/cypress/psoc creator/4.0/psoc creator/import/gnu/arm/4.9.3/bin/../lib/gcc/arm-none-eabi/4.9.3/armv6-m/crtend.o
 *(.got.plt)
 *(.got)
 *(.shdata)
 *(.data .data.* .gnu.linkonce.d.*)
 .data          0x2000008c        0x4 .\CortexM0p\ARM_GCC_493\Debug\AYBR3000.a(key_touch_SensingCSD_LL.o)
                0x2000008c                key_touch_configCsd
 .data          0x20000090       0x14 .\CortexM0p\ARM_GCC_493\Debug\AYBR3000.a(CyLib.o)
                0x20000090                CySysClkPumpConfig
                0x20000094                cydelay32kMs
                0x20000098                cydelayFreqKhz
                0x2000009c                cydelayFreqMhz
                0x200000a0                cydelayFreqHz
 .data.impure_data
                0x200000a4       0x60 d:/program files (x86)/cypress/psoc creator/4.0/psoc creator/import/gnu/arm/4.9.3/bin/../lib/gcc/arm-none-eabi/4.9.3/../../../../arm-none-eabi/lib/armv6-m\libg_nano.a(lib_a-impure.o)
 .data._impure_ptr
                0x20000104        0x4 d:/program files (x86)/cypress/psoc creator/4.0/psoc creator/import/gnu/arm/4.9.3/bin/../lib/gcc/arm-none-eabi/4.9.3/../../../../arm-none-eabi/lib/armv6-m\libg_nano.a(lib_a-impure.o)
                0x20000104                _impure_ptr
                0x20000108                . = ALIGN (0x8)
 *(.ram)
                0x20000108                _edata = .

.igot.plt       0x20000108        0x0 load address 0x00002098
 .igot.plt      0x00000000        0x0 d:/program files (x86)/cypress/psoc creator/4.0/psoc creator/import/gnu/arm/4.9.3/bin/../lib/gcc/arm-none-eabi/4.9.3/armv6-m/crtbegin.o

.bss            0x20000108      0x198 load address 0x00002098
                0x20000108                PROVIDE (__bss_start__, .)
 *(.shbss)
 *(.bss .bss.* .gnu.linkonce.b.*)
 .bss           0x20000108       0x1c d:/program files (x86)/cypress/psoc creator/4.0/psoc creator/import/gnu/arm/4.9.3/bin/../lib/gcc/arm-none-eabi/4.9.3/armv6-m/crtbegin.o
 .bss           0x20000124        0x4 .\CortexM0p\ARM_GCC_493\Debug\main.o
                0x20000124                t
                0x20000126                timer_count
 .bss           0x20000128        0x1 .\CortexM0p\ARM_GCC_493\Debug\AYBR3000.a(key_touch_Control.o)
 *fill*         0x20000129        0x3 
 .bss           0x2000012c       0x30 .\CortexM0p\ARM_GCC_493\Debug\AYBR3000.a(key_touch_Structure.o)
 .bss           0x2000015c        0x4 .\CortexM0p\ARM_GCC_493\Debug\AYBR3000.a(key_touch_Tuner.o)
 .bss           0x20000160        0x3 .\CortexM0p\ARM_GCC_493\Debug\AYBR3000.a(key_touch_Sensing.o)
                0x20000160                key_touch_requestScanAllWidget
                0x20000161                key_touch_widgetIndex
                0x20000162                key_touch_sensorIndex
 .bss           0x20000163        0x1 .\CortexM0p\ARM_GCC_493\Debug\AYBR3000.a(key_touch_SensingCSD_LL.o)
 *(COMMON)
 COMMON         0x20000164      0x134 .\CortexM0p\ARM_GCC_493\Debug\AYBR3000.a(key_touch_Structure.o)
                0x20000164                key_touch_dsRam
 COMMON         0x20000298        0x8 .\CortexM0p\ARM_GCC_493\Debug\AYBR3000.a(key_touch_Sensing.o)
                0x20000298                key_touch_curSnsIOPtr
                0x2000029c                key_touch_curRamSnsPtr
                0x200002a0                . = ALIGN (0x8)
 *(.ram.b)
                0x200002a0                _end = .
                0x200002a0                __end = .
                0x200002a0                PROVIDE (end, .)
                0x200002a0                PROVIDE (__bss_end__, .)
                0x00002018                __cy_region_init_ram = LOADADDR (.data)
                0x00000080                __cy_region_init_size_ram = (_edata - ADDR (.data))
                0x00000198                __cy_region_zero_size_ram = (_end - _edata)

.heap           0x200002a0       0x80 load address 0x00002098
                0x200002a0                . = _end
                0x20000320                . = (. + 0x80)
 *fill*         0x200002a0       0x80 
                0x20000320                __cy_heap_limit = .

.stack          0x20000600      0x200
                0x20000600                __cy_stack_limit = .
                0x20000800                . = (. + 0x200)
 *fill*         0x20000600      0x200 
                0x00000001                ASSERT ((__cy_stack_limit >= __cy_heap_limit), region RAM overflowed with stack)
                0x00000000                cy_checksum_exclude_size = (CY_APPL_LOADABLE == 0x1)?SIZEOF (.cy_checksum_exclude):0x0
                0x00000001                ASSERT ((cy_checksum_exclude_size <= CY_CHECKSUM_EXCLUDE_SIZE), CY_BOOT: Section .cy_checksum_exclude size exceedes specified limit.)
                0x00003fc0                cyloadermeta_start = (cy_project_type_bootloader || cy_project_type_app_for_stack_and_copier)?(0x4000 - CY_METADATA_SIZE):0xf0000000

.cyloadermeta
 *(.cyloadermeta)
                0x00003fc0                cyloadablemeta_start = cy_project_type_app_for_stack_and_copier?((0x4000 - CY_FLASH_ROW_SIZE) - CY_METADATA_SIZE):((0x4000 - (CY_FLASH_ROW_SIZE * (CY_APPL_NUM - 0x1))) - CY_METADATA_SIZE)

.cyloadablemeta
 *(.cyloadablemeta)

.cyflashprotect
                0x90400000       0x10
 *(.cyflashprotect)
 .cyflashprotect
                0x90400000       0x10 .\CortexM0p\ARM_GCC_493\Debug\cymetadata.o
                0x90400000                cy_meta_flashprotect

.cymeta         0x90500000        0xc
 *(.cymeta)
 .cymeta        0x90500000        0xc .\CortexM0p\ARM_GCC_493\Debug\cymetadata.o
                0x90500000                cy_metadata

.cychipprotect  0x90600000        0x4
 *(.cychipprotect)
 .cychipprotect
                0x90600000        0x4 .\CortexM0p\ARM_GCC_493\Debug\cymetadata.o
                0x90600000                cy_meta_chipprotect

.rel.dyn        0x00002098        0x0 load address 0x90600004
 .rel.iplt      0x00000000        0x0 d:/program files (x86)/cypress/psoc creator/4.0/psoc creator/import/gnu/arm/4.9.3/bin/../lib/gcc/arm-none-eabi/4.9.3/armv6-m/crtbegin.o

.stab
 *(.stab)

.stabstr
 *(.stabstr)

.debug
 *(.debug)

.line
 *(.line)

.debug_srcinfo
 *(.debug_srcinfo)

.debug_sfnames
 *(.debug_sfnames)

.debug_aranges  0x00000000      0xab8
 *(.debug_aranges)
 .debug_aranges
                0x00000000       0x28 .\CortexM0p\ARM_GCC_493\Debug\main.o
 .debug_aranges
                0x00000028       0x50 .\CortexM0p\ARM_GCC_493\Debug\A7105_driver.o
 .debug_aranges
                0x00000078       0x78 .\CortexM0p\ARM_GCC_493\Debug\A7105_firmware_lib.o
 .debug_aranges
                0x000000f0       0x18 .\CortexM0p\ARM_GCC_493\Debug\cymetadata.o
 .debug_aranges
                0x00000108       0x48 .\CortexM0p\ARM_GCC_493\Debug\Cm0plusStart.o
 .debug_aranges
                0x00000150       0x38 .\CortexM0p\ARM_GCC_493\Debug\AYBR3000.a(cyfitter_cfg.o)
 .debug_aranges
                0x00000188       0x68 .\CortexM0p\ARM_GCC_493\Debug\AYBR3000.a(key_touch_Control.o)
 .debug_aranges
                0x000001f0       0x48 .\CortexM0p\ARM_GCC_493\Debug\AYBR3000.a(key_touch_Processing.o)
 .debug_aranges
                0x00000238       0x50 .\CortexM0p\ARM_GCC_493\Debug\AYBR3000.a(key_touch_Structure.o)
 .debug_aranges
                0x00000288       0x28 .\CortexM0p\ARM_GCC_493\Debug\AYBR3000.a(key_touch_Tuner.o)
 .debug_aranges
                0x000002b0       0x70 .\CortexM0p\ARM_GCC_493\Debug\AYBR3000.a(key_touch_Filter.o)
 .debug_aranges
                0x00000320       0xa8 .\CortexM0p\ARM_GCC_493\Debug\AYBR3000.a(key_touch_Sensing.o)
 .debug_aranges
                0x000003c8       0xd0 .\CortexM0p\ARM_GCC_493\Debug\AYBR3000.a(key_touch_SensingCSD_LL.o)
 .debug_aranges
                0x00000498      0x158 .\CortexM0p\ARM_GCC_493\Debug\AYBR3000.a(Timer_1.o)
 .debug_aranges
                0x000005f0       0x48 .\CortexM0p\ARM_GCC_493\Debug\AYBR3000.a(SDIO.o)
 .debug_aranges
                0x00000638       0x48 .\CortexM0p\ARM_GCC_493\Debug\AYBR3000.a(SCK.o)
 .debug_aranges
                0x00000680       0x48 .\CortexM0p\ARM_GCC_493\Debug\AYBR3000.a(GIO1.o)
 .debug_aranges
                0x000006c8       0x48 .\CortexM0p\ARM_GCC_493\Debug\AYBR3000.a(SCS.o)
 .debug_aranges
                0x00000710       0x80 .\CortexM0p\ARM_GCC_493\Debug\AYBR3000.a(key_touch_ISR.o)
 .debug_aranges
                0x00000790      0x190 .\CortexM0p\ARM_GCC_493\Debug\AYBR3000.a(CyLib.o)
 .debug_aranges
                0x00000920       0x30 .\CortexM0p\ARM_GCC_493\Debug\AYBR3000.a(cyPm.o)
 .debug_aranges
                0x00000950       0xd8 .\CortexM0p\ARM_GCC_493\Debug\AYBR3000.a(CyLFClk.o)
 .debug_aranges
                0x00000a28       0x20 .\CortexM0p\ARM_GCC_493\Debug\AYBR3000.a(CyBootAsmGnu.o)
 .debug_aranges
                0x00000a48       0x28 .\CortexM0p\ARM_GCC_493\Debug\AYBR3000.a(key_touch_INT.o)
 .debug_aranges
                0x00000a70       0x48 .\CortexM0p\ARM_GCC_493\Debug\AYBR3000.a(CyFlash.o)

.debug_pubnames
 *(.debug_pubnames)

.debug_info     0x00000000     0x9a76
 *(.debug_info .gnu.linkonce.wi.*)
 .debug_info    0x00000000      0x2bf .\CortexM0p\ARM_GCC_493\Debug\main.o
 .debug_info    0x000002bf      0x632 .\CortexM0p\ARM_GCC_493\Debug\A7105_driver.o
 .debug_info    0x000008f1      0xa98 .\CortexM0p\ARM_GCC_493\Debug\A7105_firmware_lib.o
 .debug_info    0x00001389       0xfe .\CortexM0p\ARM_GCC_493\Debug\cymetadata.o
 .debug_info    0x00001487      0x399 .\CortexM0p\ARM_GCC_493\Debug\Cm0plusStart.o
 .debug_info    0x00001820      0x163 .\CortexM0p\ARM_GCC_493\Debug\AYBR3000.a(cyfitter_cfg.o)
 .debug_info    0x00001983      0xb3e .\CortexM0p\ARM_GCC_493\Debug\AYBR3000.a(key_touch_Control.o)
 .debug_info    0x000024c1      0xa79 .\CortexM0p\ARM_GCC_493\Debug\AYBR3000.a(key_touch_Processing.o)
 .debug_info    0x00002f3a      0xbd1 .\CortexM0p\ARM_GCC_493\Debug\AYBR3000.a(key_touch_Structure.o)
 .debug_info    0x00003b0b      0x6c8 .\CortexM0p\ARM_GCC_493\Debug\AYBR3000.a(key_touch_Tuner.o)
 .debug_info    0x000041d3      0x8c3 .\CortexM0p\ARM_GCC_493\Debug\AYBR3000.a(key_touch_Filter.o)
 .debug_info    0x00004a96      0xe9c .\CortexM0p\ARM_GCC_493\Debug\AYBR3000.a(key_touch_Sensing.o)
 .debug_info    0x00005932     0x1008 .\CortexM0p\ARM_GCC_493\Debug\AYBR3000.a(key_touch_SensingCSD_LL.o)
 .debug_info    0x0000693a      0x8f1 .\CortexM0p\ARM_GCC_493\Debug\AYBR3000.a(Timer_1.o)
 .debug_info    0x0000722b      0x19d .\CortexM0p\ARM_GCC_493\Debug\AYBR3000.a(SDIO.o)
 .debug_info    0x000073c8      0x19d .\CortexM0p\ARM_GCC_493\Debug\AYBR3000.a(SCK.o)
 .debug_info    0x00007565      0x19d .\CortexM0p\ARM_GCC_493\Debug\AYBR3000.a(GIO1.o)
 .debug_info    0x00007702      0x19b .\CortexM0p\ARM_GCC_493\Debug\AYBR3000.a(SCS.o)
 .debug_info    0x0000789d      0x300 .\CortexM0p\ARM_GCC_493\Debug\AYBR3000.a(key_touch_ISR.o)
 .debug_info    0x00007b9d      0xbe1 .\CortexM0p\ARM_GCC_493\Debug\AYBR3000.a(CyLib.o)
 .debug_info    0x0000877e      0x17b .\CortexM0p\ARM_GCC_493\Debug\AYBR3000.a(cyPm.o)
 .debug_info    0x000088f9      0x43f .\CortexM0p\ARM_GCC_493\Debug\AYBR3000.a(CyLFClk.o)
 .debug_info    0x00008d38       0x8e .\CortexM0p\ARM_GCC_493\Debug\AYBR3000.a(CyBootAsmGnu.o)
 .debug_info    0x00008dc6      0x87b .\CortexM0p\ARM_GCC_493\Debug\AYBR3000.a(key_touch_INT.o)
 .debug_info    0x00009641      0x435 .\CortexM0p\ARM_GCC_493\Debug\AYBR3000.a(CyFlash.o)

.debug_abbrev   0x00000000     0x26cd
 *(.debug_abbrev)
 .debug_abbrev  0x00000000      0x137 .\CortexM0p\ARM_GCC_493\Debug\main.o
 .debug_abbrev  0x00000137      0x184 .\CortexM0p\ARM_GCC_493\Debug\A7105_driver.o
 .debug_abbrev  0x000002bb      0x288 .\CortexM0p\ARM_GCC_493\Debug\A7105_firmware_lib.o
 .debug_abbrev  0x00000543       0x5d .\CortexM0p\ARM_GCC_493\Debug\cymetadata.o
 .debug_abbrev  0x000005a0      0x1df .\CortexM0p\ARM_GCC_493\Debug\Cm0plusStart.o
 .debug_abbrev  0x0000077f       0xe2 .\CortexM0p\ARM_GCC_493\Debug\AYBR3000.a(cyfitter_cfg.o)
 .debug_abbrev  0x00000861      0x280 .\CortexM0p\ARM_GCC_493\Debug\AYBR3000.a(key_touch_Control.o)
 .debug_abbrev  0x00000ae1      0x1f1 .\CortexM0p\ARM_GCC_493\Debug\AYBR3000.a(key_touch_Processing.o)
 .debug_abbrev  0x00000cd2      0x226 .\CortexM0p\ARM_GCC_493\Debug\AYBR3000.a(key_touch_Structure.o)
 .debug_abbrev  0x00000ef8      0x19a .\CortexM0p\ARM_GCC_493\Debug\AYBR3000.a(key_touch_Tuner.o)
 .debug_abbrev  0x00001092      0x2a1 .\CortexM0p\ARM_GCC_493\Debug\AYBR3000.a(key_touch_Filter.o)
 .debug_abbrev  0x00001333      0x2ab .\CortexM0p\ARM_GCC_493\Debug\AYBR3000.a(key_touch_Sensing.o)
 .debug_abbrev  0x000015de      0x298 .\CortexM0p\ARM_GCC_493\Debug\AYBR3000.a(key_touch_SensingCSD_LL.o)
 .debug_abbrev  0x00001876      0x133 .\CortexM0p\ARM_GCC_493\Debug\AYBR3000.a(Timer_1.o)
 .debug_abbrev  0x000019a9       0xc8 .\CortexM0p\ARM_GCC_493\Debug\AYBR3000.a(SDIO.o)
 .debug_abbrev  0x00001a71       0xc8 .\CortexM0p\ARM_GCC_493\Debug\AYBR3000.a(SCK.o)
 .debug_abbrev  0x00001b39       0xc8 .\CortexM0p\ARM_GCC_493\Debug\AYBR3000.a(GIO1.o)
 .debug_abbrev  0x00001c01       0xc8 .\CortexM0p\ARM_GCC_493\Debug\AYBR3000.a(SCS.o)
 .debug_abbrev  0x00001cc9      0x1b4 .\CortexM0p\ARM_GCC_493\Debug\AYBR3000.a(key_touch_ISR.o)
 .debug_abbrev  0x00001e7d      0x236 .\CortexM0p\ARM_GCC_493\Debug\AYBR3000.a(CyLib.o)
 .debug_abbrev  0x000020b3       0xc6 .\CortexM0p\ARM_GCC_493\Debug\AYBR3000.a(cyPm.o)
 .debug_abbrev  0x00002179      0x1b6 .\CortexM0p\ARM_GCC_493\Debug\AYBR3000.a(CyLFClk.o)
 .debug_abbrev  0x0000232f       0x14 .\CortexM0p\ARM_GCC_493\Debug\AYBR3000.a(CyBootAsmGnu.o)
 .debug_abbrev  0x00002343      0x1ad .\CortexM0p\ARM_GCC_493\Debug\AYBR3000.a(key_touch_INT.o)
 .debug_abbrev  0x000024f0      0x1dd .\CortexM0p\ARM_GCC_493\Debug\AYBR3000.a(CyFlash.o)

.debug_line     0x00000000     0x2c0e
 *(.debug_line)
 .debug_line    0x00000000       0xf7 .\CortexM0p\ARM_GCC_493\Debug\main.o
 .debug_line    0x000000f7      0x153 .\CortexM0p\ARM_GCC_493\Debug\A7105_driver.o
 .debug_line    0x0000024a      0x284 .\CortexM0p\ARM_GCC_493\Debug\A7105_firmware_lib.o
 .debug_line    0x000004ce       0x51 .\CortexM0p\ARM_GCC_493\Debug\cymetadata.o
 .debug_line    0x0000051f      0x260 .\CortexM0p\ARM_GCC_493\Debug\Cm0plusStart.o
 .debug_line    0x0000077f       0xc1 .\CortexM0p\ARM_GCC_493\Debug\AYBR3000.a(cyfitter_cfg.o)
 .debug_line    0x00000840      0x228 .\CortexM0p\ARM_GCC_493\Debug\AYBR3000.a(key_touch_Control.o)
 .debug_line    0x00000a68      0x2df .\CortexM0p\ARM_GCC_493\Debug\AYBR3000.a(key_touch_Processing.o)
 .debug_line    0x00000d47      0x1c0 .\CortexM0p\ARM_GCC_493\Debug\AYBR3000.a(key_touch_Structure.o)
 .debug_line    0x00000f07      0x118 .\CortexM0p\ARM_GCC_493\Debug\AYBR3000.a(key_touch_Tuner.o)
 .debug_line    0x0000101f      0x1e1 .\CortexM0p\ARM_GCC_493\Debug\AYBR3000.a(key_touch_Filter.o)
 .debug_line    0x00001200      0x331 .\CortexM0p\ARM_GCC_493\Debug\AYBR3000.a(key_touch_Sensing.o)
 .debug_line    0x00001531      0x3ce .\CortexM0p\ARM_GCC_493\Debug\AYBR3000.a(key_touch_SensingCSD_LL.o)
 .debug_line    0x000018ff      0x37b .\CortexM0p\ARM_GCC_493\Debug\AYBR3000.a(Timer_1.o)
 .debug_line    0x00001c7a       0xbc .\CortexM0p\ARM_GCC_493\Debug\AYBR3000.a(SDIO.o)
 .debug_line    0x00001d36       0xbb .\CortexM0p\ARM_GCC_493\Debug\AYBR3000.a(SCK.o)
 .debug_line    0x00001df1       0xbc .\CortexM0p\ARM_GCC_493\Debug\AYBR3000.a(GIO1.o)
 .debug_line    0x00001ead       0xba .\CortexM0p\ARM_GCC_493\Debug\AYBR3000.a(SCS.o)
 .debug_line    0x00001f67      0x159 .\CortexM0p\ARM_GCC_493\Debug\AYBR3000.a(key_touch_ISR.o)
 .debug_line    0x000020c0      0x4c7 .\CortexM0p\ARM_GCC_493\Debug\AYBR3000.a(CyLib.o)
 .debug_line    0x00002587       0x98 .\CortexM0p\ARM_GCC_493\Debug\AYBR3000.a(cyPm.o)
 .debug_line    0x0000261f      0x284 .\CortexM0p\ARM_GCC_493\Debug\AYBR3000.a(CyLFClk.o)
 .debug_line    0x000028a3       0x68 .\CortexM0p\ARM_GCC_493\Debug\AYBR3000.a(CyBootAsmGnu.o)
 .debug_line    0x0000290b      0x122 .\CortexM0p\ARM_GCC_493\Debug\AYBR3000.a(key_touch_INT.o)
 .debug_line    0x00002a2d      0x1e1 .\CortexM0p\ARM_GCC_493\Debug\AYBR3000.a(CyFlash.o)

.debug_frame    0x00000000     0x1adc
 *(.debug_frame)
 .debug_frame   0x00000000       0x48 .\CortexM0p\ARM_GCC_493\Debug\main.o
 .debug_frame   0x00000048       0xd0 .\CortexM0p\ARM_GCC_493\Debug\A7105_driver.o
 .debug_frame   0x00000118      0x180 .\CortexM0p\ARM_GCC_493\Debug\A7105_firmware_lib.o
 .debug_frame   0x00000298       0xbc .\CortexM0p\ARM_GCC_493\Debug\Cm0plusStart.o
 .debug_frame   0x00000354       0x74 .\CortexM0p\ARM_GCC_493\Debug\AYBR3000.a(cyfitter_cfg.o)
 .debug_frame   0x000003c8      0x124 .\CortexM0p\ARM_GCC_493\Debug\AYBR3000.a(key_touch_Control.o)
 .debug_frame   0x000004ec       0xd4 .\CortexM0p\ARM_GCC_493\Debug\AYBR3000.a(key_touch_Processing.o)
 .debug_frame   0x000005c0       0xbc .\CortexM0p\ARM_GCC_493\Debug\AYBR3000.a(key_touch_Structure.o)
 .debug_frame   0x0000067c       0x40 .\CortexM0p\ARM_GCC_493\Debug\AYBR3000.a(key_touch_Tuner.o)
 .debug_frame   0x000006bc      0x144 .\CortexM0p\ARM_GCC_493\Debug\AYBR3000.a(key_touch_Filter.o)
 .debug_frame   0x00000800      0x1dc .\CortexM0p\ARM_GCC_493\Debug\AYBR3000.a(key_touch_Sensing.o)
 .debug_frame   0x000009dc      0x298 .\CortexM0p\ARM_GCC_493\Debug\AYBR3000.a(key_touch_SensingCSD_LL.o)
 .debug_frame   0x00000c74      0x390 .\CortexM0p\ARM_GCC_493\Debug\AYBR3000.a(Timer_1.o)
 .debug_frame   0x00001004       0x70 .\CortexM0p\ARM_GCC_493\Debug\AYBR3000.a(SDIO.o)
 .debug_frame   0x00001074       0x70 .\CortexM0p\ARM_GCC_493\Debug\AYBR3000.a(SCK.o)
 .debug_frame   0x000010e4       0x70 .\CortexM0p\ARM_GCC_493\Debug\AYBR3000.a(GIO1.o)
 .debug_frame   0x00001154       0x70 .\CortexM0p\ARM_GCC_493\Debug\AYBR3000.a(SCS.o)
 .debug_frame   0x000011c4      0x110 .\CortexM0p\ARM_GCC_493\Debug\AYBR3000.a(key_touch_ISR.o)
 .debug_frame   0x000012d4      0x410 .\CortexM0p\ARM_GCC_493\Debug\AYBR3000.a(CyLib.o)
 .debug_frame   0x000016e4       0x58 .\CortexM0p\ARM_GCC_493\Debug\AYBR3000.a(cyPm.o)
 .debug_frame   0x0000173c      0x1dc .\CortexM0p\ARM_GCC_493\Debug\AYBR3000.a(CyLFClk.o)
 .debug_frame   0x00001918       0x40 .\CortexM0p\ARM_GCC_493\Debug\AYBR3000.a(key_touch_INT.o)
 .debug_frame   0x00001958       0xa8 .\CortexM0p\ARM_GCC_493\Debug\AYBR3000.a(CyFlash.o)
 .debug_frame   0x00001a00       0x20 d:/program files (x86)/cypress/psoc creator/4.0/psoc creator/import/gnu/arm/4.9.3/bin/../lib/gcc/arm-none-eabi/4.9.3/armv6-m\libgcc.a(_udivsi3.o)
 .debug_frame   0x00001a20       0x20 d:/program files (x86)/cypress/psoc creator/4.0/psoc creator/import/gnu/arm/4.9.3/bin/../lib/gcc/arm-none-eabi/4.9.3/../../../../arm-none-eabi/lib/armv6-m\libg_nano.a(lib_a-errno.o)
 .debug_frame   0x00001a40       0x28 d:/program files (x86)/cypress/psoc creator/4.0/psoc creator/import/gnu/arm/4.9.3/bin/../lib/gcc/arm-none-eabi/4.9.3/../../../../arm-none-eabi/lib/armv6-m\libg_nano.a(lib_a-exit.o)
 .debug_frame   0x00001a68       0x2c d:/program files (x86)/cypress/psoc creator/4.0/psoc creator/import/gnu/arm/4.9.3/bin/../lib/gcc/arm-none-eabi/4.9.3/../../../../arm-none-eabi/lib/armv6-m\libg_nano.a(lib_a-init.o)
 .debug_frame   0x00001a94       0x28 d:/program files (x86)/cypress/psoc creator/4.0/psoc creator/import/gnu/arm/4.9.3/bin/../lib/gcc/arm-none-eabi/4.9.3/../../../../arm-none-eabi/lib/armv6-m\libg_nano.a(lib_a-memcpy.o)
 .debug_frame   0x00001abc       0x20 d:/program files (x86)/cypress/psoc creator/4.0/psoc creator/import/gnu/arm/4.9.3/bin/../lib/gcc/arm-none-eabi/4.9.3/../../../../arm-none-eabi/lib/armv6-m\libg_nano.a(lib_a-memset.o)

.debug_str      0x00000000     0x3014
 *(.debug_str)
 .debug_str     0x00000000      0x222 .\CortexM0p\ARM_GCC_493\Debug\main.o
                                0x25b (size before relaxing)
 .debug_str     0x00000222      0x3cd .\CortexM0p\ARM_GCC_493\Debug\A7105_driver.o
                                0x55e (size before relaxing)
 .debug_str     0x000005ef       0xbe .\CortexM0p\ARM_GCC_493\Debug\A7105_firmware_lib.o
                                0x57d (size before relaxing)
 .debug_str     0x000006ad       0x59 .\CortexM0p\ARM_GCC_493\Debug\cymetadata.o
                                0x1d0 (size before relaxing)
 .debug_str     0x00000706      0x15d .\CortexM0p\ARM_GCC_493\Debug\Cm0plusStart.o
                                0x305 (size before relaxing)
 .debug_str     0x00000863       0x84 .\CortexM0p\ARM_GCC_493\Debug\AYBR3000.a(cyfitter_cfg.o)
                                0x20f (size before relaxing)
 .debug_str     0x000008e7      0x77d .\CortexM0p\ARM_GCC_493\Debug\AYBR3000.a(key_touch_Control.o)
                                0x968 (size before relaxing)
 .debug_str     0x00001064      0x12e .\CortexM0p\ARM_GCC_493\Debug\AYBR3000.a(key_touch_Processing.o)
                                0x7f2 (size before relaxing)
 .debug_str     0x00001192      0x2e2 .\CortexM0p\ARM_GCC_493\Debug\AYBR3000.a(key_touch_Structure.o)
                                0x8d0 (size before relaxing)
 .debug_str     0x00001474      0x12c .\CortexM0p\ARM_GCC_493\Debug\AYBR3000.a(key_touch_Tuner.o)
                                0x660 (size before relaxing)
 .debug_str     0x000015a0      0x1b2 .\CortexM0p\ARM_GCC_493\Debug\AYBR3000.a(key_touch_Filter.o)
                                0x69e (size before relaxing)
 .debug_str     0x00001752      0x456 .\CortexM0p\ARM_GCC_493\Debug\AYBR3000.a(key_touch_Sensing.o)
                                0xac7 (size before relaxing)
 .debug_str     0x00001ba8      0x35a .\CortexM0p\ARM_GCC_493\Debug\AYBR3000.a(key_touch_SensingCSD_LL.o)
                                0xaf6 (size before relaxing)
 .debug_str     0x00001f02      0x41b .\CortexM0p\ARM_GCC_493\Debug\AYBR3000.a(Timer_1.o)
                                0x5fb (size before relaxing)
 .debug_str     0x0000231d       0x8f .\CortexM0p\ARM_GCC_493\Debug\AYBR3000.a(SDIO.o)
                                0x231 (size before relaxing)
 .debug_str     0x000023ac       0x6f .\CortexM0p\ARM_GCC_493\Debug\AYBR3000.a(SCK.o)
                                0x22a (size before relaxing)
 .debug_str     0x0000241b       0x76 .\CortexM0p\ARM_GCC_493\Debug\AYBR3000.a(GIO1.o)
                                0x231 (size before relaxing)
 .debug_str     0x00002491       0x6f .\CortexM0p\ARM_GCC_493\Debug\AYBR3000.a(SCS.o)
                                0x22a (size before relaxing)
 .debug_str     0x00002500      0x158 .\CortexM0p\ARM_GCC_493\Debug\AYBR3000.a(key_touch_ISR.o)
                                0x350 (size before relaxing)
 .debug_str     0x00002658      0x4c7 .\CortexM0p\ARM_GCC_493\Debug\AYBR3000.a(CyLib.o)
                                0x719 (size before relaxing)
 .debug_str     0x00002b1f       0x5f .\CortexM0p\ARM_GCC_493\Debug\AYBR3000.a(cyPm.o)
                                0x233 (size before relaxing)
 .debug_str     0x00002b7e      0x2d0 .\CortexM0p\ARM_GCC_493\Debug\AYBR3000.a(CyLFClk.o)
                                0x4b0 (size before relaxing)
 .debug_str     0x00002e4e       0xa9 .\CortexM0p\ARM_GCC_493\Debug\AYBR3000.a(key_touch_INT.o)
                                0x704 (size before relaxing)
 .debug_str     0x00002ef7      0x11d .\CortexM0p\ARM_GCC_493\Debug\AYBR3000.a(CyFlash.o)
                                0x318 (size before relaxing)

.debug_loc      0x00000000     0x3e31
 *(.debug_loc)
 .debug_loc     0x00000000      0x129 .\CortexM0p\ARM_GCC_493\Debug\A7105_driver.o
 .debug_loc     0x00000129      0x3f9 .\CortexM0p\ARM_GCC_493\Debug\A7105_firmware_lib.o
 .debug_loc     0x00000522      0x14f .\CortexM0p\ARM_GCC_493\Debug\Cm0plusStart.o
 .debug_loc     0x00000671       0x35 .\CortexM0p\ARM_GCC_493\Debug\AYBR3000.a(cyfitter_cfg.o)
 .debug_loc     0x000006a6      0x421 .\CortexM0p\ARM_GCC_493\Debug\AYBR3000.a(key_touch_Control.o)
 .debug_loc     0x00000ac7      0x50f .\CortexM0p\ARM_GCC_493\Debug\AYBR3000.a(key_touch_Processing.o)
 .debug_loc     0x00000fd6      0x3c5 .\CortexM0p\ARM_GCC_493\Debug\AYBR3000.a(key_touch_Structure.o)
 .debug_loc     0x0000139b      0x13d .\CortexM0p\ARM_GCC_493\Debug\AYBR3000.a(key_touch_Tuner.o)
 .debug_loc     0x000014d8      0x67f .\CortexM0p\ARM_GCC_493\Debug\AYBR3000.a(key_touch_Filter.o)
 .debug_loc     0x00001b57      0x671 .\CortexM0p\ARM_GCC_493\Debug\AYBR3000.a(key_touch_Sensing.o)
 .debug_loc     0x000021c8      0x83e .\CortexM0p\ARM_GCC_493\Debug\AYBR3000.a(key_touch_SensingCSD_LL.o)
 .debug_loc     0x00002a06      0x547 .\CortexM0p\ARM_GCC_493\Debug\AYBR3000.a(Timer_1.o)
 .debug_loc     0x00002f4d       0xa2 .\CortexM0p\ARM_GCC_493\Debug\AYBR3000.a(SDIO.o)
 .debug_loc     0x00002fef       0xa2 .\CortexM0p\ARM_GCC_493\Debug\AYBR3000.a(SCK.o)
 .debug_loc     0x00003091       0xa2 .\CortexM0p\ARM_GCC_493\Debug\AYBR3000.a(GIO1.o)
 .debug_loc     0x00003133       0x81 .\CortexM0p\ARM_GCC_493\Debug\AYBR3000.a(SCS.o)
 .debug_loc     0x000031b4       0x82 .\CortexM0p\ARM_GCC_493\Debug\AYBR3000.a(key_touch_ISR.o)
 .debug_loc     0x00003236      0x5e3 .\CortexM0p\ARM_GCC_493\Debug\AYBR3000.a(CyLib.o)
 .debug_loc     0x00003819       0x47 .\CortexM0p\ARM_GCC_493\Debug\AYBR3000.a(cyPm.o)
 .debug_loc     0x00003860      0x323 .\CortexM0p\ARM_GCC_493\Debug\AYBR3000.a(CyLFClk.o)
 .debug_loc     0x00003b83       0xe6 .\CortexM0p\ARM_GCC_493\Debug\AYBR3000.a(key_touch_INT.o)
 .debug_loc     0x00003c69      0x1c8 .\CortexM0p\ARM_GCC_493\Debug\AYBR3000.a(CyFlash.o)

.debug_macinfo
 *(.debug_macinfo)

.debug_ranges   0x00000000      0x910
 *(.debug_ranges)
 .debug_ranges  0x00000000       0x18 .\CortexM0p\ARM_GCC_493\Debug\main.o
 .debug_ranges  0x00000018       0x40 .\CortexM0p\ARM_GCC_493\Debug\A7105_driver.o
 .debug_ranges  0x00000058       0x68 .\CortexM0p\ARM_GCC_493\Debug\A7105_firmware_lib.o
 .debug_ranges  0x000000c0       0x38 .\CortexM0p\ARM_GCC_493\Debug\Cm0plusStart.o
 .debug_ranges  0x000000f8       0x28 .\CortexM0p\ARM_GCC_493\Debug\AYBR3000.a(cyfitter_cfg.o)
 .debug_ranges  0x00000120       0x58 .\CortexM0p\ARM_GCC_493\Debug\AYBR3000.a(key_touch_Control.o)
 .debug_ranges  0x00000178       0x38 .\CortexM0p\ARM_GCC_493\Debug\AYBR3000.a(key_touch_Processing.o)
 .debug_ranges  0x000001b0       0x40 .\CortexM0p\ARM_GCC_493\Debug\AYBR3000.a(key_touch_Structure.o)
 .debug_ranges  0x000001f0       0x18 .\CortexM0p\ARM_GCC_493\Debug\AYBR3000.a(key_touch_Tuner.o)
 .debug_ranges  0x00000208       0x60 .\CortexM0p\ARM_GCC_493\Debug\AYBR3000.a(key_touch_Filter.o)
 .debug_ranges  0x00000268       0x98 .\CortexM0p\ARM_GCC_493\Debug\AYBR3000.a(key_touch_Sensing.o)
 .debug_ranges  0x00000300       0xc0 .\CortexM0p\ARM_GCC_493\Debug\AYBR3000.a(key_touch_SensingCSD_LL.o)
 .debug_ranges  0x000003c0      0x148 .\CortexM0p\ARM_GCC_493\Debug\AYBR3000.a(Timer_1.o)
 .debug_ranges  0x00000508       0x38 .\CortexM0p\ARM_GCC_493\Debug\AYBR3000.a(SDIO.o)
 .debug_ranges  0x00000540       0x38 .\CortexM0p\ARM_GCC_493\Debug\AYBR3000.a(SCK.o)
 .debug_ranges  0x00000578       0x38 .\CortexM0p\ARM_GCC_493\Debug\AYBR3000.a(GIO1.o)
 .debug_ranges  0x000005b0       0x38 .\CortexM0p\ARM_GCC_493\Debug\AYBR3000.a(SCS.o)
 .debug_ranges  0x000005e8       0x70 .\CortexM0p\ARM_GCC_493\Debug\AYBR3000.a(key_touch_ISR.o)
 .debug_ranges  0x00000658      0x180 .\CortexM0p\ARM_GCC_493\Debug\AYBR3000.a(CyLib.o)
 .debug_ranges  0x000007d8       0x20 .\CortexM0p\ARM_GCC_493\Debug\AYBR3000.a(cyPm.o)
 .debug_ranges  0x000007f8       0xc8 .\CortexM0p\ARM_GCC_493\Debug\AYBR3000.a(CyLFClk.o)
 .debug_ranges  0x000008c0       0x18 .\CortexM0p\ARM_GCC_493\Debug\AYBR3000.a(key_touch_INT.o)
 .debug_ranges  0x000008d8       0x38 .\CortexM0p\ARM_GCC_493\Debug\AYBR3000.a(CyFlash.o)

.comment        0x00000000       0x70
 .comment       0x00000000       0x70 .\CortexM0p\ARM_GCC_493\Debug\main.o
                                 0x71 (size before relaxing)
 .comment       0x00000000       0x71 .\CortexM0p\ARM_GCC_493\Debug\A7105_driver.o
 .comment       0x00000000       0x71 .\CortexM0p\ARM_GCC_493\Debug\A7105_firmware_lib.o
 .comment       0x00000000       0x71 .\CortexM0p\ARM_GCC_493\Debug\cymetadata.o
 .comment       0x00000000       0x71 .\CortexM0p\ARM_GCC_493\Debug\Cm0plusStart.o
 .comment       0x00000000       0x71 .\CortexM0p\ARM_GCC_493\Debug\AYBR3000.a(cyfitter_cfg.o)
 .comment       0x00000000       0x71 .\CortexM0p\ARM_GCC_493\Debug\AYBR3000.a(key_touch_Control.o)
 .comment       0x00000000       0x71 .\CortexM0p\ARM_GCC_493\Debug\AYBR3000.a(key_touch_Processing.o)
 .comment       0x00000000       0x71 .\CortexM0p\ARM_GCC_493\Debug\AYBR3000.a(key_touch_Structure.o)
 .comment       0x00000000       0x71 .\CortexM0p\ARM_GCC_493\Debug\AYBR3000.a(key_touch_Tuner.o)
 .comment       0x00000000       0x71 .\CortexM0p\ARM_GCC_493\Debug\AYBR3000.a(key_touch_Filter.o)
 .comment       0x00000000       0x71 .\CortexM0p\ARM_GCC_493\Debug\AYBR3000.a(key_touch_Sensing.o)
 .comment       0x00000000       0x71 .\CortexM0p\ARM_GCC_493\Debug\AYBR3000.a(key_touch_SensingCSD_LL.o)
 .comment       0x00000000       0x71 .\CortexM0p\ARM_GCC_493\Debug\AYBR3000.a(Timer_1.o)
 .comment       0x00000000       0x71 .\CortexM0p\ARM_GCC_493\Debug\AYBR3000.a(SDIO.o)
 .comment       0x00000000       0x71 .\CortexM0p\ARM_GCC_493\Debug\AYBR3000.a(SCK.o)
 .comment       0x00000000       0x71 .\CortexM0p\ARM_GCC_493\Debug\AYBR3000.a(GIO1.o)
 .comment       0x00000000       0x71 .\CortexM0p\ARM_GCC_493\Debug\AYBR3000.a(SCS.o)
 .comment       0x00000000       0x71 .\CortexM0p\ARM_GCC_493\Debug\AYBR3000.a(key_touch_ISR.o)
 .comment       0x00000000       0x71 .\CortexM0p\ARM_GCC_493\Debug\AYBR3000.a(CyLib.o)
 .comment       0x00000000       0x71 .\CortexM0p\ARM_GCC_493\Debug\AYBR3000.a(cyPm.o)
 .comment       0x00000000       0x71 .\CortexM0p\ARM_GCC_493\Debug\AYBR3000.a(CyLFClk.o)
 .comment       0x00000000       0x71 .\CortexM0p\ARM_GCC_493\Debug\AYBR3000.a(key_touch_INT.o)
 .comment       0x00000000       0x71 .\CortexM0p\ARM_GCC_493\Debug\AYBR3000.a(CyFlash.o)

.debug_weaknames
 *(.debug_weaknames)

.debug_funcnames
 *(.debug_funcnames)

.debug_typenames
 *(.debug_typenames)

.debug_varnames
 *(.debug_varnames)

.note.gnu.arm.ident
 *(.note.gnu.arm.ident)

.ARM.attributes
                0x00000000       0x28
 *(.ARM.attributes)
 .ARM.attributes
                0x00000000       0x1e d:/program files (x86)/cypress/psoc creator/4.0/psoc creator/import/gnu/arm/4.9.3/bin/../lib/gcc/arm-none-eabi/4.9.3/armv6-m/crti.o
 .ARM.attributes
                0x0000001e       0x2c d:/program files (x86)/cypress/psoc creator/4.0/psoc creator/import/gnu/arm/4.9.3/bin/../lib/gcc/arm-none-eabi/4.9.3/armv6-m/crtbegin.o
 .ARM.attributes
                0x0000004a       0x1b d:/program files (x86)/cypress/psoc creator/4.0/psoc creator/import/gnu/arm/4.9.3/bin/../lib/gcc/arm-none-eabi/4.9.3/../../../../arm-none-eabi/lib/armv6-m/crt0.o
 .ARM.attributes
                0x00000065       0x32 .\CortexM0p\ARM_GCC_493\Debug\main.o
 .ARM.attributes
                0x00000097       0x32 .\CortexM0p\ARM_GCC_493\Debug\A7105_driver.o
 .ARM.attributes
                0x000000c9       0x32 .\CortexM0p\ARM_GCC_493\Debug\A7105_firmware_lib.o
 .ARM.attributes
                0x000000fb       0x32 .\CortexM0p\ARM_GCC_493\Debug\cymetadata.o
 .ARM.attributes
                0x0000012d       0x32 .\CortexM0p\ARM_GCC_493\Debug\Cm0plusStart.o
 .ARM.attributes
                0x0000015f       0x32 .\CortexM0p\ARM_GCC_493\Debug\AYBR3000.a(cyfitter_cfg.o)
 .ARM.attributes
                0x00000191       0x32 .\CortexM0p\ARM_GCC_493\Debug\AYBR3000.a(key_touch_Control.o)
 .ARM.attributes
                0x000001c3       0x32 .\CortexM0p\ARM_GCC_493\Debug\AYBR3000.a(key_touch_Processing.o)
 .ARM.attributes
                0x000001f5       0x32 .\CortexM0p\ARM_GCC_493\Debug\AYBR3000.a(key_touch_Structure.o)
 .ARM.attributes
                0x00000227       0x32 .\CortexM0p\ARM_GCC_493\Debug\AYBR3000.a(key_touch_Tuner.o)
 .ARM.attributes
                0x00000259       0x32 .\CortexM0p\ARM_GCC_493\Debug\AYBR3000.a(key_touch_Filter.o)
 .ARM.attributes
                0x0000028b       0x32 .\CortexM0p\ARM_GCC_493\Debug\AYBR3000.a(key_touch_Sensing.o)
 .ARM.attributes
                0x000002bd       0x32 .\CortexM0p\ARM_GCC_493\Debug\AYBR3000.a(key_touch_SensingCSD_LL.o)
 .ARM.attributes
                0x000002ef       0x32 .\CortexM0p\ARM_GCC_493\Debug\AYBR3000.a(Timer_1.o)
 .ARM.attributes
                0x00000321       0x32 .\CortexM0p\ARM_GCC_493\Debug\AYBR3000.a(SDIO.o)
 .ARM.attributes
                0x00000353       0x32 .\CortexM0p\ARM_GCC_493\Debug\AYBR3000.a(SCK.o)
 .ARM.attributes
                0x00000385       0x32 .\CortexM0p\ARM_GCC_493\Debug\AYBR3000.a(GIO1.o)
 .ARM.attributes
                0x000003b7       0x32 .\CortexM0p\ARM_GCC_493\Debug\AYBR3000.a(SCS.o)
 .ARM.attributes
                0x000003e9       0x32 .\CortexM0p\ARM_GCC_493\Debug\AYBR3000.a(key_touch_ISR.o)
 .ARM.attributes
                0x0000041b       0x32 .\CortexM0p\ARM_GCC_493\Debug\AYBR3000.a(CyLib.o)
 .ARM.attributes
                0x0000044d       0x32 .\CortexM0p\ARM_GCC_493\Debug\AYBR3000.a(cyPm.o)
 .ARM.attributes
                0x0000047f       0x32 .\CortexM0p\ARM_GCC_493\Debug\AYBR3000.a(CyLFClk.o)
 .ARM.attributes
                0x000004b1       0x22 .\CortexM0p\ARM_GCC_493\Debug\AYBR3000.a(CyBootAsmGnu.o)
 .ARM.attributes
                0x000004d3       0x32 .\CortexM0p\ARM_GCC_493\Debug\AYBR3000.a(key_touch_INT.o)
 .ARM.attributes
                0x00000505       0x32 .\CortexM0p\ARM_GCC_493\Debug\AYBR3000.a(CyFlash.o)
 .ARM.attributes
                0x00000537       0x1e d:/program files (x86)/cypress/psoc creator/4.0/psoc creator/import/gnu/arm/4.9.3/bin/../lib/gcc/arm-none-eabi/4.9.3/armv6-m\libgcc.a(_udivsi3.o)
 .ARM.attributes
                0x00000555       0x1e d:/program files (x86)/cypress/psoc creator/4.0/psoc creator/import/gnu/arm/4.9.3/bin/../lib/gcc/arm-none-eabi/4.9.3/armv6-m\libgcc.a(_dvmd_tls.o)
 .ARM.attributes
                0x00000573       0x2c d:/program files (x86)/cypress/psoc creator/4.0/psoc creator/import/gnu/arm/4.9.3/bin/../lib/gcc/arm-none-eabi/4.9.3/../../../../arm-none-eabi/lib/armv6-m\libg_nano.a(lib_a-errno.o)
 .ARM.attributes
                0x0000059f       0x2c d:/program files (x86)/cypress/psoc creator/4.0/psoc creator/import/gnu/arm/4.9.3/bin/../lib/gcc/arm-none-eabi/4.9.3/../../../../arm-none-eabi/lib/armv6-m\libg_nano.a(lib_a-exit.o)
 .ARM.attributes
                0x000005cb       0x2c d:/program files (x86)/cypress/psoc creator/4.0/psoc creator/import/gnu/arm/4.9.3/bin/../lib/gcc/arm-none-eabi/4.9.3/../../../../arm-none-eabi/lib/armv6-m\libg_nano.a(lib_a-impure.o)
 .ARM.attributes
                0x000005f7       0x2c d:/program files (x86)/cypress/psoc creator/4.0/psoc creator/import/gnu/arm/4.9.3/bin/../lib/gcc/arm-none-eabi/4.9.3/../../../../arm-none-eabi/lib/armv6-m\libg_nano.a(lib_a-init.o)
 .ARM.attributes
                0x00000623       0x2c d:/program files (x86)/cypress/psoc creator/4.0/psoc creator/import/gnu/arm/4.9.3/bin/../lib/gcc/arm-none-eabi/4.9.3/../../../../arm-none-eabi/lib/armv6-m\libg_nano.a(lib_a-memcpy.o)
 .ARM.attributes
                0x0000064f       0x2c d:/program files (x86)/cypress/psoc creator/4.0/psoc creator/import/gnu/arm/4.9.3/bin/../lib/gcc/arm-none-eabi/4.9.3/../../../../arm-none-eabi/lib/armv6-m\libg_nano.a(lib_a-memset.o)
 .ARM.attributes
                0x0000067b       0x2c d:/program files (x86)/cypress/psoc creator/4.0/psoc creator/import/gnu/arm/4.9.3/bin/../lib/gcc/arm-none-eabi/4.9.3/armv6-m/crtend.o
 .ARM.attributes
                0x000006a7       0x1e d:/program files (x86)/cypress/psoc creator/4.0/psoc creator/import/gnu/arm/4.9.3/bin/../lib/gcc/arm-none-eabi/4.9.3/armv6-m/crtn.o

/DISCARD/
 *(.note.GNU-stack)
OUTPUT(.\CortexM0p\ARM_GCC_493\Debug\AYBR3000.elf elf32-littlearm)
